Copyright 1986-2022 Xilinx, Inc. All Rights Reserved.
----------------------------------------------------------------------------------------------------------------------------------------------------
| Tool Version     : Vivado v.2022.1 (win64) Build 3526262 Mon Apr 18 15:48:16 MDT 2022
| Date             : Wed Feb 22 23:31:25 2023
| Host             : DESKTOP-FKMFD8S running 64-bit major release  (build 9200)
| Command          : report_power -file lab09_ctrl_power_routed.rpt -pb lab09_ctrl_power_summary_routed.pb -rpx lab09_ctrl_power_routed.rpx
| Design           : lab09_ctrl
| Device           : xc7a100tcsg324-1
| Design State     : routed
| Grade            : commercial
| Process          : typical
| Characterization : Production
----------------------------------------------------------------------------------------------------------------------------------------------------

Power Report

Table of Contents
-----------------
1. Summary
1.1 On-Chip Components
1.2 Power Supply Summary
1.3 Confidence Level
2. Settings
2.1 Environment
2.2 Clock Constraints
3. Detailed Reports
3.1 By Hierarchy

1. Summary
----------

+--------------------------+-----------------------------------+
| Total On-Chip Power (W)  | 114.225 (Junction temp exceeded!) |
| Design Power Budget (W)  | Unspecified*                      |
| Power Budget Margin (W)  | NA                                |
| Dynamic (W)              | 113.428                           |
| Device Static (W)        | 0.797                             |
| Effective TJA (C/W)      | 4.6                               |
| Max Ambient (C)          | 0.0                               |
| Junction Temperature (C) | 125.0                             |
| Confidence Level         | Low                               |
| Setting File             | ---                               |
| Simulation Activity File | ---                               |
| Design Nets Matched      | NA                                |
+--------------------------+-----------------------------------+
* Specify Design Power Budget using, set_operating_conditions -design_power_budget <value in Watts>


1.1 On-Chip Components
----------------------

+--------------------------+-----------+----------+-----------+-----------------+
| On-Chip                  | Power (W) | Used     | Available | Utilization (%) |
+--------------------------+-----------+----------+-----------+-----------------+
| Slice Logic              |    40.752 |    10097 |       --- |             --- |
|   LUT as Logic           |    29.692 |     4527 |     63400 |            7.14 |
|   LUT as Distributed RAM |     9.402 |     3270 |     19000 |           17.21 |
|   F7/F8 Muxes            |     0.971 |     1241 |     63400 |            1.96 |
|   Register               |     0.399 |      730 |    126800 |            0.58 |
|   CARRY4                 |     0.235 |       89 |     15850 |            0.56 |
|   BUFG                   |     0.052 |        2 |        32 |            6.25 |
|   Others                 |     0.000 |       16 |       --- |             --- |
| Signals                  |    63.043 |     6088 |       --- |             --- |
| I/O                      |     9.634 |       49 |       210 |           23.33 |
| Static Power             |     0.797 |          |           |                 |
| Total                    |   114.225 |          |           |                 |
+--------------------------+-----------+----------+-----------+-----------------+


1.2 Power Supply Summary
------------------------

+-----------+-------------+-----------+-------------+------------+-------------+-------------+------------+
| Source    | Voltage (V) | Total (A) | Dynamic (A) | Static (A) | Powerup (A) | Budget (A)  | Margin (A) |
+-----------+-------------+-----------+-------------+------------+-------------+-------------+------------+
| Vccint    |       1.000 |   104.369 |     103.806 |      0.563 |       NA    | Unspecified | NA         |
| Vccaux    |       1.800 |     0.445 |       0.353 |      0.093 |       NA    | Unspecified | NA         |
| Vcco33    |       3.300 |     2.727 |       2.723 |      0.004 |       NA    | Unspecified | NA         |
| Vcco25    |       2.500 |     0.000 |       0.000 |      0.000 |       NA    | Unspecified | NA         |
| Vcco18    |       1.800 |     0.000 |       0.000 |      0.000 |       NA    | Unspecified | NA         |
| Vcco15    |       1.500 |     0.000 |       0.000 |      0.000 |       NA    | Unspecified | NA         |
| Vcco135   |       1.350 |     0.000 |       0.000 |      0.000 |       NA    | Unspecified | NA         |
| Vcco12    |       1.200 |     0.000 |       0.000 |      0.000 |       NA    | Unspecified | NA         |
| Vccaux_io |       1.800 |     0.000 |       0.000 |      0.000 |       NA    | Unspecified | NA         |
| Vccbram   |       1.000 |     0.018 |       0.000 |      0.018 |       NA    | Unspecified | NA         |
| MGTAVcc   |       1.000 |     0.000 |       0.000 |      0.000 |       NA    | Unspecified | NA         |
| MGTAVtt   |       1.200 |     0.000 |       0.000 |      0.000 |       NA    | Unspecified | NA         |
| Vccadc    |       1.800 |     0.020 |       0.000 |      0.020 |       NA    | Unspecified | NA         |
+-----------+-------------+-----------+-------------+------------+-------------+-------------+------------+


1.3 Confidence Level
--------------------

+-----------------------------+------------+--------------------------------------------------------+--------------------------------------------------------------------------------------------------------------------+
| User Input Data             | Confidence | Details                                                | Action                                                                                                             |
+-----------------------------+------------+--------------------------------------------------------+--------------------------------------------------------------------------------------------------------------------+
| Design implementation state | High       | Design is routed                                       |                                                                                                                    |
| Clock nodes activity        | Low        | User specified less than 75% of clocks                 | Provide missing clock activity with a constraint file, simulation results or by editing the "By Clock Domain" view |
| I/O nodes activity          | Low        | More than 75% of inputs are missing user specification | Provide missing input activity with simulation results or by editing the "By Resource Type -> I/Os" view           |
| Internal nodes activity     | Medium     | User specified less than 25% of internal nodes         | Provide missing internal nodes activity with simulation results or by editing the "By Resource Type" views         |
| Device models               | High       | Device models are Production                           |                                                                                                                    |
|                             |            |                                                        |                                                                                                                    |
| Overall confidence level    | Low        |                                                        |                                                                                                                    |
+-----------------------------+------------+--------------------------------------------------------+--------------------------------------------------------------------------------------------------------------------+


2. Settings
-----------

2.1 Environment
---------------

+-----------------------+--------------------------+
| Ambient Temp (C)      | 25.0                     |
| ThetaJA (C/W)         | 4.6                      |
| Airflow (LFM)         | 250                      |
| Heat Sink             | medium (Medium Profile)  |
| ThetaSA (C/W)         | 4.6                      |
| Board Selection       | medium (10"x10")         |
| # of Board Layers     | 12to15 (12 to 15 Layers) |
| Board Temperature (C) | 25.0                     |
+-----------------------+--------------------------+


2.2 Clock Constraints
---------------------

+-------+--------+-----------------+
| Clock | Domain | Constraint (ns) |
+-------+--------+-----------------+


3. Detailed Reports
-------------------

3.1 By Hierarchy
----------------

+--------------------------------+-----------+
| Name                           | Power (W) |
+--------------------------------+-----------+
| lab09_ctrl                     |   113.428 |
|   key_reg_reg_r1_0_63_0_2      |     0.025 |
|   key_reg_reg_r1_0_63_3_5      |     0.027 |
|   key_reg_reg_r1_0_63_6_7      |     0.013 |
|   key_reg_reg_r1_1024_1087_0_2 |     0.026 |
|   key_reg_reg_r1_1024_1087_3_5 |     0.023 |
|   key_reg_reg_r1_1024_1087_6_7 |     0.009 |
|   key_reg_reg_r1_1088_1151_0_2 |     0.022 |
|   key_reg_reg_r1_1088_1151_3_5 |     0.022 |
|   key_reg_reg_r1_1088_1151_6_7 |     0.012 |
|   key_reg_reg_r1_1152_1215_0_2 |     0.019 |
|   key_reg_reg_r1_1152_1215_3_5 |     0.026 |
|   key_reg_reg_r1_1152_1215_6_7 |     0.011 |
|   key_reg_reg_r1_1216_1279_0_2 |     0.026 |
|   key_reg_reg_r1_1216_1279_3_5 |     0.027 |
|   key_reg_reg_r1_1216_1279_6_7 |     0.009 |
|   key_reg_reg_r1_1280_1343_0_2 |     0.027 |
|   key_reg_reg_r1_1280_1343_3_5 |     0.023 |
|   key_reg_reg_r1_1280_1343_6_7 |     0.009 |
|   key_reg_reg_r1_128_191_0_2   |     0.027 |
|   key_reg_reg_r1_128_191_3_5   |     0.021 |
|   key_reg_reg_r1_128_191_6_7   |     0.012 |
|   key_reg_reg_r1_1344_1407_0_2 |     0.026 |
|   key_reg_reg_r1_1344_1407_3_5 |     0.025 |
|   key_reg_reg_r1_1344_1407_6_7 |     0.009 |
|   key_reg_reg_r1_1408_1471_0_2 |     0.026 |
|   key_reg_reg_r1_1408_1471_3_5 |     0.020 |
|   key_reg_reg_r1_1408_1471_6_7 |     0.012 |
|   key_reg_reg_r1_1472_1535_0_2 |     0.025 |
|   key_reg_reg_r1_1472_1535_3_5 |     0.027 |
|   key_reg_reg_r1_1472_1535_6_7 |     0.008 |
|   key_reg_reg_r1_1536_1599_0_2 |     0.025 |
|   key_reg_reg_r1_1536_1599_3_5 |     0.024 |
|   key_reg_reg_r1_1536_1599_6_7 |     0.011 |
|   key_reg_reg_r1_1600_1663_0_2 |     0.022 |
|   key_reg_reg_r1_1600_1663_3_5 |     0.024 |
|   key_reg_reg_r1_1600_1663_6_7 |     0.010 |
|   key_reg_reg_r1_1664_1727_0_2 |     0.025 |
|   key_reg_reg_r1_1664_1727_3_5 |     0.024 |
|   key_reg_reg_r1_1664_1727_6_7 |     0.009 |
|   key_reg_reg_r1_1728_1791_0_2 |     0.018 |
|   key_reg_reg_r1_1728_1791_3_5 |     0.024 |
|   key_reg_reg_r1_1728_1791_6_7 |     0.012 |
|   key_reg_reg_r1_1792_1855_0_2 |     0.027 |
|   key_reg_reg_r1_1792_1855_3_5 |     0.023 |
|   key_reg_reg_r1_1792_1855_6_7 |     0.009 |
|   key_reg_reg_r1_1856_1919_0_2 |     0.029 |
|   key_reg_reg_r1_1856_1919_3_5 |     0.031 |
|   key_reg_reg_r1_1856_1919_6_7 |     0.010 |
|   key_reg_reg_r1_1920_1983_0_2 |     0.026 |
|   key_reg_reg_r1_1920_1983_3_5 |     0.032 |
|   key_reg_reg_r1_1920_1983_6_7 |     0.009 |
|   key_reg_reg_r1_192_255_0_2   |     0.030 |
|   key_reg_reg_r1_192_255_3_5   |     0.022 |
|   key_reg_reg_r1_192_255_6_7   |     0.013 |
|   key_reg_reg_r1_1984_2047_0_2 |     0.033 |
|   key_reg_reg_r1_1984_2047_3_5 |     0.032 |
|   key_reg_reg_r1_1984_2047_6_7 |     0.011 |
|   key_reg_reg_r1_2048_2111_0_2 |     0.019 |
|   key_reg_reg_r1_2048_2111_3_5 |     0.019 |
|   key_reg_reg_r1_2048_2111_6_7 |     0.010 |
|   key_reg_reg_r1_2112_2175_0_2 |     0.023 |
|   key_reg_reg_r1_2112_2175_3_5 |     0.020 |
|   key_reg_reg_r1_2112_2175_6_7 |     0.011 |
|   key_reg_reg_r1_256_319_0_2   |     0.027 |
|   key_reg_reg_r1_256_319_3_5   |     0.020 |
|   key_reg_reg_r1_256_319_6_7   |     0.012 |
|   key_reg_reg_r1_320_383_0_2   |     0.023 |
|   key_reg_reg_r1_320_383_3_5   |     0.026 |
|   key_reg_reg_r1_320_383_6_7   |     0.012 |
|   key_reg_reg_r1_384_447_0_2   |     0.026 |
|   key_reg_reg_r1_384_447_3_5   |     0.022 |
|   key_reg_reg_r1_384_447_6_7   |     0.014 |
|   key_reg_reg_r1_448_511_0_2   |     0.027 |
|   key_reg_reg_r1_448_511_3_5   |     0.025 |
|   key_reg_reg_r1_448_511_6_7   |     0.008 |
|   key_reg_reg_r1_512_575_0_2   |     0.029 |
|   key_reg_reg_r1_512_575_3_5   |     0.022 |
|   key_reg_reg_r1_512_575_6_7   |     0.013 |
|   key_reg_reg_r1_576_639_0_2   |     0.027 |
|   key_reg_reg_r1_576_639_3_5   |     0.022 |
|   key_reg_reg_r1_576_639_6_7   |     0.014 |
|   key_reg_reg_r1_640_703_0_2   |     0.029 |
|   key_reg_reg_r1_640_703_3_5   |     0.021 |
|   key_reg_reg_r1_640_703_6_7   |     0.014 |
|   key_reg_reg_r1_64_127_0_2    |     0.026 |
|   key_reg_reg_r1_64_127_3_5    |     0.024 |
|   key_reg_reg_r1_64_127_6_7    |     0.011 |
|   key_reg_reg_r1_704_767_0_2   |     0.028 |
|   key_reg_reg_r1_704_767_3_5   |     0.033 |
|   key_reg_reg_r1_704_767_6_7   |     0.013 |
|   key_reg_reg_r1_768_831_0_2   |     0.027 |
|   key_reg_reg_r1_768_831_3_5   |     0.033 |
|   key_reg_reg_r1_768_831_6_7   |     0.012 |
|   key_reg_reg_r1_832_895_0_2   |     0.033 |
|   key_reg_reg_r1_832_895_3_5   |     0.027 |
|   key_reg_reg_r1_832_895_6_7   |     0.012 |
|   key_reg_reg_r1_896_959_0_2   |     0.029 |
|   key_reg_reg_r1_896_959_3_5   |     0.022 |
|   key_reg_reg_r1_896_959_6_7   |     0.011 |
|   key_reg_reg_r1_960_1023_0_2  |     0.034 |
|   key_reg_reg_r1_960_1023_3_5  |     0.025 |
|   key_reg_reg_r1_960_1023_6_7  |     0.014 |
|   key_reg_reg_r2_0_63_0_2      |     0.022 |
|   key_reg_reg_r2_0_63_3_5      |     0.022 |
|   key_reg_reg_r2_0_63_6_7      |     0.008 |
|   key_reg_reg_r2_1024_1087_0_2 |     0.022 |
|   key_reg_reg_r2_1024_1087_3_5 |     0.023 |
|   key_reg_reg_r2_1024_1087_6_7 |     0.007 |
|   key_reg_reg_r2_1088_1151_0_2 |     0.025 |
|   key_reg_reg_r2_1088_1151_3_5 |     0.025 |
|   key_reg_reg_r2_1088_1151_6_7 |     0.009 |
|   key_reg_reg_r2_1152_1215_0_2 |     0.021 |
|   key_reg_reg_r2_1152_1215_3_5 |     0.022 |
|   key_reg_reg_r2_1152_1215_6_7 |     0.007 |
|   key_reg_reg_r2_1216_1279_0_2 |     0.023 |
|   key_reg_reg_r2_1216_1279_3_5 |     0.022 |
|   key_reg_reg_r2_1216_1279_6_7 |     0.007 |
|   key_reg_reg_r2_1280_1343_0_2 |     0.022 |
|   key_reg_reg_r2_1280_1343_3_5 |     0.026 |
|   key_reg_reg_r2_1280_1343_6_7 |     0.012 |
|   key_reg_reg_r2_128_191_0_2   |     0.023 |
|   key_reg_reg_r2_128_191_3_5   |     0.025 |
|   key_reg_reg_r2_128_191_6_7   |     0.007 |
|   key_reg_reg_r2_1344_1407_0_2 |     0.018 |
|   key_reg_reg_r2_1344_1407_3_5 |     0.024 |
|   key_reg_reg_r2_1344_1407_6_7 |     0.007 |
|   key_reg_reg_r2_1408_1471_0_2 |     0.022 |
|   key_reg_reg_r2_1408_1471_3_5 |     0.024 |
|   key_reg_reg_r2_1408_1471_6_7 |     0.012 |
|   key_reg_reg_r2_1472_1535_0_2 |     0.025 |
|   key_reg_reg_r2_1472_1535_3_5 |     0.023 |
|   key_reg_reg_r2_1472_1535_6_7 |     0.006 |
|   key_reg_reg_r2_1536_1599_0_2 |     0.024 |
|   key_reg_reg_r2_1536_1599_3_5 |     0.018 |
|   key_reg_reg_r2_1536_1599_6_7 |     0.007 |
|   key_reg_reg_r2_1600_1663_0_2 |     0.022 |
|   key_reg_reg_r2_1600_1663_3_5 |     0.023 |
|   key_reg_reg_r2_1600_1663_6_7 |     0.008 |
|   key_reg_reg_r2_1664_1727_0_2 |     0.024 |
|   key_reg_reg_r2_1664_1727_3_5 |     0.029 |
|   key_reg_reg_r2_1664_1727_6_7 |     0.009 |
|   key_reg_reg_r2_1728_1791_0_2 |     0.026 |
|   key_reg_reg_r2_1728_1791_3_5 |     0.018 |
|   key_reg_reg_r2_1728_1791_6_7 |     0.010 |
|   key_reg_reg_r2_1792_1855_0_2 |     0.024 |
|   key_reg_reg_r2_1792_1855_3_5 |     0.020 |
|   key_reg_reg_r2_1792_1855_6_7 |     0.012 |
|   key_reg_reg_r2_1856_1919_0_2 |     0.025 |
|   key_reg_reg_r2_1856_1919_3_5 |     0.025 |
|   key_reg_reg_r2_1856_1919_6_7 |     0.011 |
|   key_reg_reg_r2_1920_1983_0_2 |     0.021 |
|   key_reg_reg_r2_1920_1983_3_5 |     0.026 |
|   key_reg_reg_r2_1920_1983_6_7 |     0.010 |
|   key_reg_reg_r2_192_255_0_2   |     0.020 |
|   key_reg_reg_r2_192_255_3_5   |     0.022 |
|   key_reg_reg_r2_192_255_6_7   |     0.006 |
|   key_reg_reg_r2_1984_2047_0_2 |     0.020 |
|   key_reg_reg_r2_1984_2047_3_5 |     0.023 |
|   key_reg_reg_r2_1984_2047_6_7 |     0.009 |
|   key_reg_reg_r2_2048_2111_0_2 |     0.020 |
|   key_reg_reg_r2_2048_2111_3_5 |     0.022 |
|   key_reg_reg_r2_2048_2111_6_7 |     0.006 |
|   key_reg_reg_r2_2112_2175_0_2 |     0.016 |
|   key_reg_reg_r2_2112_2175_3_5 |     0.019 |
|   key_reg_reg_r2_2112_2175_6_7 |     0.008 |
|   key_reg_reg_r2_256_319_0_2   |     0.019 |
|   key_reg_reg_r2_256_319_3_5   |     0.025 |
|   key_reg_reg_r2_256_319_6_7   |     0.007 |
|   key_reg_reg_r2_320_383_0_2   |     0.020 |
|   key_reg_reg_r2_320_383_3_5   |     0.024 |
|   key_reg_reg_r2_320_383_6_7   |     0.009 |
|   key_reg_reg_r2_384_447_0_2   |     0.020 |
|   key_reg_reg_r2_384_447_3_5   |     0.024 |
|   key_reg_reg_r2_384_447_6_7   |     0.011 |
|   key_reg_reg_r2_448_511_0_2   |     0.022 |
|   key_reg_reg_r2_448_511_3_5   |     0.023 |
|   key_reg_reg_r2_448_511_6_7   |     0.008 |
|   key_reg_reg_r2_512_575_0_2   |     0.020 |
|   key_reg_reg_r2_512_575_3_5   |     0.025 |
|   key_reg_reg_r2_512_575_6_7   |     0.007 |
|   key_reg_reg_r2_576_639_0_2   |     0.026 |
|   key_reg_reg_r2_576_639_3_5   |     0.024 |
|   key_reg_reg_r2_576_639_6_7   |     0.009 |
|   key_reg_reg_r2_640_703_0_2   |     0.026 |
|   key_reg_reg_r2_640_703_3_5   |     0.024 |
|   key_reg_reg_r2_640_703_6_7   |     0.010 |
|   key_reg_reg_r2_64_127_0_2    |     0.028 |
|   key_reg_reg_r2_64_127_3_5    |     0.020 |
|   key_reg_reg_r2_64_127_6_7    |     0.010 |
|   key_reg_reg_r2_704_767_0_2   |     0.024 |
|   key_reg_reg_r2_704_767_3_5   |     0.024 |
|   key_reg_reg_r2_704_767_6_7   |     0.008 |
|   key_reg_reg_r2_768_831_0_2   |     0.023 |
|   key_reg_reg_r2_768_831_3_5   |     0.025 |
|   key_reg_reg_r2_768_831_6_7   |     0.006 |
|   key_reg_reg_r2_832_895_0_2   |     0.024 |
|   key_reg_reg_r2_832_895_3_5   |     0.026 |
|   key_reg_reg_r2_832_895_6_7   |     0.009 |
|   key_reg_reg_r2_896_959_0_2   |     0.025 |
|   key_reg_reg_r2_896_959_3_5   |     0.020 |
|   key_reg_reg_r2_896_959_6_7   |     0.008 |
|   key_reg_reg_r2_960_1023_0_2  |     0.025 |
|   key_reg_reg_r2_960_1023_3_5  |     0.024 |
|   key_reg_reg_r2_960_1023_6_7  |     0.009 |
|   key_reg_reg_r3_0_63_0_2      |     0.025 |
|   key_reg_reg_r3_0_63_3_5      |     0.027 |
|   key_reg_reg_r3_0_63_6_7      |     0.010 |
|   key_reg_reg_r3_1024_1087_0_2 |     0.025 |
|   key_reg_reg_r3_1024_1087_3_5 |     0.025 |
|   key_reg_reg_r3_1024_1087_6_7 |     0.008 |
|   key_reg_reg_r3_1088_1151_0_2 |     0.022 |
|   key_reg_reg_r3_1088_1151_3_5 |     0.027 |
|   key_reg_reg_r3_1088_1151_6_7 |     0.007 |
|   key_reg_reg_r3_1152_1215_0_2 |     0.024 |
|   key_reg_reg_r3_1152_1215_3_5 |     0.027 |
|   key_reg_reg_r3_1152_1215_6_7 |     0.013 |
|   key_reg_reg_r3_1216_1279_0_2 |     0.030 |
|   key_reg_reg_r3_1216_1279_3_5 |     0.026 |
|   key_reg_reg_r3_1216_1279_6_7 |     0.009 |
|   key_reg_reg_r3_1280_1343_0_2 |     0.021 |
|   key_reg_reg_r3_1280_1343_3_5 |     0.026 |
|   key_reg_reg_r3_1280_1343_6_7 |     0.010 |
|   key_reg_reg_r3_128_191_0_2   |     0.022 |
|   key_reg_reg_r3_128_191_3_5   |     0.027 |
|   key_reg_reg_r3_128_191_6_7   |     0.015 |
|   key_reg_reg_r3_1344_1407_0_2 |     0.018 |
|   key_reg_reg_r3_1344_1407_3_5 |     0.030 |
|   key_reg_reg_r3_1344_1407_6_7 |     0.008 |
|   key_reg_reg_r3_1408_1471_0_2 |     0.019 |
|   key_reg_reg_r3_1408_1471_3_5 |     0.021 |
|   key_reg_reg_r3_1408_1471_6_7 |     0.007 |
|   key_reg_reg_r3_1472_1535_0_2 |     0.021 |
|   key_reg_reg_r3_1472_1535_3_5 |     0.025 |
|   key_reg_reg_r3_1472_1535_6_7 |     0.007 |
|   key_reg_reg_r3_1536_1599_0_2 |     0.020 |
|   key_reg_reg_r3_1536_1599_3_5 |     0.029 |
|   key_reg_reg_r3_1536_1599_6_7 |     0.008 |
|   key_reg_reg_r3_1600_1663_0_2 |     0.022 |
|   key_reg_reg_r3_1600_1663_3_5 |     0.043 |
|   key_reg_reg_r3_1600_1663_6_7 |     0.008 |
|   key_reg_reg_r3_1664_1727_0_2 |     0.020 |
|   key_reg_reg_r3_1664_1727_3_5 |     0.040 |
|   key_reg_reg_r3_1664_1727_6_7 |     0.007 |
|   key_reg_reg_r3_1728_1791_0_2 |     0.023 |
|   key_reg_reg_r3_1728_1791_3_5 |     0.035 |
|   key_reg_reg_r3_1728_1791_6_7 |     0.013 |
|   key_reg_reg_r3_1792_1855_0_2 |     0.022 |
|   key_reg_reg_r3_1792_1855_3_5 |     0.037 |
|   key_reg_reg_r3_1792_1855_6_7 |     0.007 |
|   key_reg_reg_r3_1856_1919_0_2 |     0.028 |
|   key_reg_reg_r3_1856_1919_3_5 |     0.018 |
|   key_reg_reg_r3_1856_1919_6_7 |     0.006 |
|   key_reg_reg_r3_1920_1983_0_2 |     0.022 |
|   key_reg_reg_r3_1920_1983_3_5 |     0.038 |
|   key_reg_reg_r3_1920_1983_6_7 |     0.007 |
|   key_reg_reg_r3_192_255_0_2   |     0.027 |
|   key_reg_reg_r3_192_255_3_5   |     0.023 |
|   key_reg_reg_r3_192_255_6_7   |     0.010 |
|   key_reg_reg_r3_1984_2047_0_2 |     0.025 |
|   key_reg_reg_r3_1984_2047_3_5 |     0.029 |
|   key_reg_reg_r3_1984_2047_6_7 |     0.009 |
|   key_reg_reg_r3_2048_2111_0_2 |     0.019 |
|   key_reg_reg_r3_2048_2111_3_5 |     0.017 |
|   key_reg_reg_r3_2048_2111_6_7 |     0.009 |
|   key_reg_reg_r3_2112_2175_0_2 |     0.019 |
|   key_reg_reg_r3_2112_2175_3_5 |     0.020 |
|   key_reg_reg_r3_2112_2175_6_7 |     0.015 |
|   key_reg_reg_r3_256_319_0_2   |     0.023 |
|   key_reg_reg_r3_256_319_3_5   |     0.025 |
|   key_reg_reg_r3_256_319_6_7   |     0.013 |
|   key_reg_reg_r3_320_383_0_2   |     0.025 |
|   key_reg_reg_r3_320_383_3_5   |     0.020 |
|   key_reg_reg_r3_320_383_6_7   |     0.011 |
|   key_reg_reg_r3_384_447_0_2   |     0.022 |
|   key_reg_reg_r3_384_447_3_5   |     0.027 |
|   key_reg_reg_r3_384_447_6_7   |     0.014 |
|   key_reg_reg_r3_448_511_0_2   |     0.024 |
|   key_reg_reg_r3_448_511_3_5   |     0.022 |
|   key_reg_reg_r3_448_511_6_7   |     0.010 |
|   key_reg_reg_r3_512_575_0_2   |     0.024 |
|   key_reg_reg_r3_512_575_3_5   |     0.027 |
|   key_reg_reg_r3_512_575_6_7   |     0.011 |
|   key_reg_reg_r3_576_639_0_2   |     0.020 |
|   key_reg_reg_r3_576_639_3_5   |     0.028 |
|   key_reg_reg_r3_576_639_6_7   |     0.010 |
|   key_reg_reg_r3_640_703_0_2   |     0.021 |
|   key_reg_reg_r3_640_703_3_5   |     0.018 |
|   key_reg_reg_r3_640_703_6_7   |     0.011 |
|   key_reg_reg_r3_64_127_0_2    |     0.024 |
|   key_reg_reg_r3_64_127_3_5    |     0.028 |
|   key_reg_reg_r3_64_127_6_7    |     0.015 |
|   key_reg_reg_r3_704_767_0_2   |     0.022 |
|   key_reg_reg_r3_704_767_3_5   |     0.027 |
|   key_reg_reg_r3_704_767_6_7   |     0.015 |
|   key_reg_reg_r3_768_831_0_2   |     0.029 |
|   key_reg_reg_r3_768_831_3_5   |     0.031 |
|   key_reg_reg_r3_768_831_6_7   |     0.014 |
|   key_reg_reg_r3_832_895_0_2   |     0.026 |
|   key_reg_reg_r3_832_895_3_5   |     0.035 |
|   key_reg_reg_r3_832_895_6_7   |     0.010 |
|   key_reg_reg_r3_896_959_0_2   |     0.024 |
|   key_reg_reg_r3_896_959_3_5   |     0.026 |
|   key_reg_reg_r3_896_959_6_7   |     0.012 |
|   key_reg_reg_r3_960_1023_0_2  |     0.028 |
|   key_reg_reg_r3_960_1023_3_5  |     0.032 |
|   key_reg_reg_r3_960_1023_6_7  |     0.013 |
|   key_reg_reg_r4_0_63_0_2      |     0.023 |
|   key_reg_reg_r4_0_63_3_5      |     0.024 |
|   key_reg_reg_r4_0_63_6_7      |     0.008 |
|   key_reg_reg_r4_1024_1087_0_2 |     0.020 |
|   key_reg_reg_r4_1024_1087_3_5 |     0.022 |
|   key_reg_reg_r4_1024_1087_6_7 |     0.008 |
|   key_reg_reg_r4_1088_1151_0_2 |     0.025 |
|   key_reg_reg_r4_1088_1151_3_5 |     0.022 |
|   key_reg_reg_r4_1088_1151_6_7 |     0.007 |
|   key_reg_reg_r4_1152_1215_0_2 |     0.024 |
|   key_reg_reg_r4_1152_1215_3_5 |     0.022 |
|   key_reg_reg_r4_1152_1215_6_7 |     0.008 |
|   key_reg_reg_r4_1216_1279_0_2 |     0.024 |
|   key_reg_reg_r4_1216_1279_3_5 |     0.023 |
|   key_reg_reg_r4_1216_1279_6_7 |     0.012 |
|   key_reg_reg_r4_1280_1343_0_2 |     0.024 |
|   key_reg_reg_r4_1280_1343_3_5 |     0.022 |
|   key_reg_reg_r4_1280_1343_6_7 |     0.008 |
|   key_reg_reg_r4_128_191_0_2   |     0.023 |
|   key_reg_reg_r4_128_191_3_5   |     0.022 |
|   key_reg_reg_r4_128_191_6_7   |     0.008 |
|   key_reg_reg_r4_1344_1407_0_2 |     0.022 |
|   key_reg_reg_r4_1344_1407_3_5 |     0.021 |
|   key_reg_reg_r4_1344_1407_6_7 |     0.007 |
|   key_reg_reg_r4_1408_1471_0_2 |     0.029 |
|   key_reg_reg_r4_1408_1471_3_5 |     0.020 |
|   key_reg_reg_r4_1408_1471_6_7 |     0.006 |
|   key_reg_reg_r4_1472_1535_0_2 |     0.026 |
|   key_reg_reg_r4_1472_1535_3_5 |     0.022 |
|   key_reg_reg_r4_1472_1535_6_7 |     0.012 |
|   key_reg_reg_r4_1536_1599_0_2 |     0.031 |
|   key_reg_reg_r4_1536_1599_3_5 |     0.019 |
|   key_reg_reg_r4_1536_1599_6_7 |     0.006 |
|   key_reg_reg_r4_1600_1663_0_2 |     0.022 |
|   key_reg_reg_r4_1600_1663_3_5 |     0.024 |
|   key_reg_reg_r4_1600_1663_6_7 |     0.007 |
|   key_reg_reg_r4_1664_1727_0_2 |     0.028 |
|   key_reg_reg_r4_1664_1727_3_5 |     0.023 |
|   key_reg_reg_r4_1664_1727_6_7 |     0.009 |
|   key_reg_reg_r4_1728_1791_0_2 |     0.025 |
|   key_reg_reg_r4_1728_1791_3_5 |     0.020 |
|   key_reg_reg_r4_1728_1791_6_7 |     0.008 |
|   key_reg_reg_r4_1792_1855_0_2 |     0.026 |
|   key_reg_reg_r4_1792_1855_3_5 |     0.025 |
|   key_reg_reg_r4_1792_1855_6_7 |     0.011 |
|   key_reg_reg_r4_1856_1919_0_2 |     0.026 |
|   key_reg_reg_r4_1856_1919_3_5 |     0.017 |
|   key_reg_reg_r4_1856_1919_6_7 |     0.008 |
|   key_reg_reg_r4_1920_1983_0_2 |     0.024 |
|   key_reg_reg_r4_1920_1983_3_5 |     0.019 |
|   key_reg_reg_r4_1920_1983_6_7 |     0.007 |
|   key_reg_reg_r4_192_255_0_2   |     0.025 |
|   key_reg_reg_r4_192_255_3_5   |     0.024 |
|   key_reg_reg_r4_192_255_6_7   |     0.008 |
|   key_reg_reg_r4_1984_2047_0_2 |     0.025 |
|   key_reg_reg_r4_1984_2047_3_5 |     0.023 |
|   key_reg_reg_r4_1984_2047_6_7 |     0.009 |
|   key_reg_reg_r4_2048_2111_0_2 |     0.016 |
|   key_reg_reg_r4_2048_2111_3_5 |     0.020 |
|   key_reg_reg_r4_2048_2111_6_7 |     0.008 |
|   key_reg_reg_r4_2112_2175_0_2 |     0.021 |
|   key_reg_reg_r4_2112_2175_3_5 |     0.016 |
|   key_reg_reg_r4_2112_2175_6_7 |     0.011 |
|   key_reg_reg_r4_256_319_0_2   |     0.027 |
|   key_reg_reg_r4_256_319_3_5   |     0.024 |
|   key_reg_reg_r4_256_319_6_7   |     0.009 |
|   key_reg_reg_r4_320_383_0_2   |     0.024 |
|   key_reg_reg_r4_320_383_3_5   |     0.021 |
|   key_reg_reg_r4_320_383_6_7   |     0.011 |
|   key_reg_reg_r4_384_447_0_2   |     0.024 |
|   key_reg_reg_r4_384_447_3_5   |     0.028 |
|   key_reg_reg_r4_384_447_6_7   |     0.008 |
|   key_reg_reg_r4_448_511_0_2   |     0.022 |
|   key_reg_reg_r4_448_511_3_5   |     0.023 |
|   key_reg_reg_r4_448_511_6_7   |     0.006 |
|   key_reg_reg_r4_512_575_0_2   |     0.023 |
|   key_reg_reg_r4_512_575_3_5   |     0.019 |
|   key_reg_reg_r4_512_575_6_7   |     0.011 |
|   key_reg_reg_r4_576_639_0_2   |     0.020 |
|   key_reg_reg_r4_576_639_3_5   |     0.025 |
|   key_reg_reg_r4_576_639_6_7   |     0.008 |
|   key_reg_reg_r4_640_703_0_2   |     0.025 |
|   key_reg_reg_r4_640_703_3_5   |     0.025 |
|   key_reg_reg_r4_640_703_6_7   |     0.007 |
|   key_reg_reg_r4_64_127_0_2    |     0.023 |
|   key_reg_reg_r4_64_127_3_5    |     0.024 |
|   key_reg_reg_r4_64_127_6_7    |     0.008 |
|   key_reg_reg_r4_704_767_0_2   |     0.025 |
|   key_reg_reg_r4_704_767_3_5   |     0.025 |
|   key_reg_reg_r4_704_767_6_7   |     0.008 |
|   key_reg_reg_r4_768_831_0_2   |     0.023 |
|   key_reg_reg_r4_768_831_3_5   |     0.023 |
|   key_reg_reg_r4_768_831_6_7   |     0.006 |
|   key_reg_reg_r4_832_895_0_2   |     0.021 |
|   key_reg_reg_r4_832_895_3_5   |     0.024 |
|   key_reg_reg_r4_832_895_6_7   |     0.008 |
|   key_reg_reg_r4_896_959_0_2   |     0.026 |
|   key_reg_reg_r4_896_959_3_5   |     0.026 |
|   key_reg_reg_r4_896_959_6_7   |     0.007 |
|   key_reg_reg_r4_960_1023_0_2  |     0.020 |
|   key_reg_reg_r4_960_1023_3_5  |     0.021 |
|   key_reg_reg_r4_960_1023_6_7  |     0.011 |
|   key_reg_reg_r5_0_63_0_2      |     0.024 |
|   key_reg_reg_r5_0_63_3_5      |     0.026 |
|   key_reg_reg_r5_0_63_6_7      |     0.010 |
|   key_reg_reg_r5_1024_1087_0_2 |     0.022 |
|   key_reg_reg_r5_1024_1087_3_5 |     0.023 |
|   key_reg_reg_r5_1024_1087_6_7 |     0.010 |
|   key_reg_reg_r5_1088_1151_0_2 |     0.025 |
|   key_reg_reg_r5_1088_1151_3_5 |     0.024 |
|   key_reg_reg_r5_1088_1151_6_7 |     0.011 |
|   key_reg_reg_r5_1152_1215_0_2 |     0.022 |
|   key_reg_reg_r5_1152_1215_3_5 |     0.023 |
|   key_reg_reg_r5_1152_1215_6_7 |     0.007 |
|   key_reg_reg_r5_1216_1279_0_2 |     0.024 |
|   key_reg_reg_r5_1216_1279_3_5 |     0.024 |
|   key_reg_reg_r5_1216_1279_6_7 |     0.008 |
|   key_reg_reg_r5_1280_1343_0_2 |     0.027 |
|   key_reg_reg_r5_1280_1343_3_5 |     0.025 |
|   key_reg_reg_r5_1280_1343_6_7 |     0.009 |
|   key_reg_reg_r5_128_191_0_2   |     0.021 |
|   key_reg_reg_r5_128_191_3_5   |     0.023 |
|   key_reg_reg_r5_128_191_6_7   |     0.010 |
|   key_reg_reg_r5_1344_1407_0_2 |     0.025 |
|   key_reg_reg_r5_1344_1407_3_5 |     0.018 |
|   key_reg_reg_r5_1344_1407_6_7 |     0.007 |
|   key_reg_reg_r5_1408_1471_0_2 |     0.021 |
|   key_reg_reg_r5_1408_1471_3_5 |     0.021 |
|   key_reg_reg_r5_1408_1471_6_7 |     0.010 |
|   key_reg_reg_r5_1472_1535_0_2 |     0.021 |
|   key_reg_reg_r5_1472_1535_3_5 |     0.020 |
|   key_reg_reg_r5_1472_1535_6_7 |     0.009 |
|   key_reg_reg_r5_1536_1599_0_2 |     0.024 |
|   key_reg_reg_r5_1536_1599_3_5 |     0.020 |
|   key_reg_reg_r5_1536_1599_6_7 |     0.009 |
|   key_reg_reg_r5_1600_1663_0_2 |     0.021 |
|   key_reg_reg_r5_1600_1663_3_5 |     0.026 |
|   key_reg_reg_r5_1600_1663_6_7 |     0.011 |
|   key_reg_reg_r5_1664_1727_0_2 |     0.025 |
|   key_reg_reg_r5_1664_1727_3_5 |     0.021 |
|   key_reg_reg_r5_1664_1727_6_7 |     0.010 |
|   key_reg_reg_r5_1728_1791_0_2 |     0.028 |
|   key_reg_reg_r5_1728_1791_3_5 |     0.023 |
|   key_reg_reg_r5_1728_1791_6_7 |     0.006 |
|   key_reg_reg_r5_1792_1855_0_2 |     0.030 |
|   key_reg_reg_r5_1792_1855_3_5 |     0.022 |
|   key_reg_reg_r5_1792_1855_6_7 |     0.008 |
|   key_reg_reg_r5_1856_1919_0_2 |     0.025 |
|   key_reg_reg_r5_1856_1919_3_5 |     0.025 |
|   key_reg_reg_r5_1856_1919_6_7 |     0.009 |
|   key_reg_reg_r5_1920_1983_0_2 |     0.023 |
|   key_reg_reg_r5_1920_1983_3_5 |     0.022 |
|   key_reg_reg_r5_1920_1983_6_7 |     0.007 |
|   key_reg_reg_r5_192_255_0_2   |     0.019 |
|   key_reg_reg_r5_192_255_3_5   |     0.023 |
|   key_reg_reg_r5_192_255_6_7   |     0.008 |
|   key_reg_reg_r5_1984_2047_0_2 |     0.027 |
|   key_reg_reg_r5_1984_2047_3_5 |     0.024 |
|   key_reg_reg_r5_1984_2047_6_7 |     0.009 |
|   key_reg_reg_r5_2048_2111_0_2 |     0.021 |
|   key_reg_reg_r5_2048_2111_3_5 |     0.022 |
|   key_reg_reg_r5_2048_2111_6_7 |     0.006 |
|   key_reg_reg_r5_2112_2175_0_2 |     0.020 |
|   key_reg_reg_r5_2112_2175_3_5 |     0.018 |
|   key_reg_reg_r5_2112_2175_6_7 |     0.007 |
|   key_reg_reg_r5_256_319_0_2   |     0.023 |
|   key_reg_reg_r5_256_319_3_5   |     0.022 |
|   key_reg_reg_r5_256_319_6_7   |     0.010 |
|   key_reg_reg_r5_320_383_0_2   |     0.021 |
|   key_reg_reg_r5_320_383_3_5   |     0.024 |
|   key_reg_reg_r5_320_383_6_7   |     0.007 |
|   key_reg_reg_r5_384_447_0_2   |     0.020 |
|   key_reg_reg_r5_384_447_3_5   |     0.024 |
|   key_reg_reg_r5_384_447_6_7   |     0.010 |
|   key_reg_reg_r5_448_511_0_2   |     0.022 |
|   key_reg_reg_r5_448_511_3_5   |     0.023 |
|   key_reg_reg_r5_448_511_6_7   |     0.009 |
|   key_reg_reg_r5_512_575_0_2   |     0.028 |
|   key_reg_reg_r5_512_575_3_5   |     0.023 |
|   key_reg_reg_r5_512_575_6_7   |     0.011 |
|   key_reg_reg_r5_576_639_0_2   |     0.023 |
|   key_reg_reg_r5_576_639_3_5   |     0.022 |
|   key_reg_reg_r5_576_639_6_7   |     0.010 |
|   key_reg_reg_r5_640_703_0_2   |     0.024 |
|   key_reg_reg_r5_640_703_3_5   |     0.020 |
|   key_reg_reg_r5_640_703_6_7   |     0.007 |
|   key_reg_reg_r5_64_127_0_2    |     0.024 |
|   key_reg_reg_r5_64_127_3_5    |     0.021 |
|   key_reg_reg_r5_64_127_6_7    |     0.009 |
|   key_reg_reg_r5_704_767_0_2   |     0.024 |
|   key_reg_reg_r5_704_767_3_5   |     0.023 |
|   key_reg_reg_r5_704_767_6_7   |     0.009 |
|   key_reg_reg_r5_768_831_0_2   |     0.022 |
|   key_reg_reg_r5_768_831_3_5   |     0.024 |
|   key_reg_reg_r5_768_831_6_7   |     0.007 |
|   key_reg_reg_r5_832_895_0_2   |     0.030 |
|   key_reg_reg_r5_832_895_3_5   |     0.021 |
|   key_reg_reg_r5_832_895_6_7   |     0.009 |
|   key_reg_reg_r5_896_959_0_2   |     0.023 |
|   key_reg_reg_r5_896_959_3_5   |     0.023 |
|   key_reg_reg_r5_896_959_6_7   |     0.010 |
|   key_reg_reg_r5_960_1023_0_2  |     0.022 |
|   key_reg_reg_r5_960_1023_3_5  |     0.018 |
|   key_reg_reg_r5_960_1023_6_7  |     0.007 |
|   key_reg_reg_r6_0_63_0_2      |     0.025 |
|   key_reg_reg_r6_0_63_3_5      |     0.026 |
|   key_reg_reg_r6_0_63_6_7      |     0.010 |
|   key_reg_reg_r6_1024_1087_0_2 |     0.022 |
|   key_reg_reg_r6_1024_1087_3_5 |     0.021 |
|   key_reg_reg_r6_1024_1087_6_7 |     0.010 |
|   key_reg_reg_r6_1088_1151_0_2 |     0.024 |
|   key_reg_reg_r6_1088_1151_3_5 |     0.025 |
|   key_reg_reg_r6_1088_1151_6_7 |     0.010 |
|   key_reg_reg_r6_1152_1215_0_2 |     0.024 |
|   key_reg_reg_r6_1152_1215_3_5 |     0.025 |
|   key_reg_reg_r6_1152_1215_6_7 |     0.006 |
|   key_reg_reg_r6_1216_1279_0_2 |     0.021 |
|   key_reg_reg_r6_1216_1279_3_5 |     0.026 |
|   key_reg_reg_r6_1216_1279_6_7 |     0.009 |
|   key_reg_reg_r6_1280_1343_0_2 |     0.024 |
|   key_reg_reg_r6_1280_1343_3_5 |     0.023 |
|   key_reg_reg_r6_1280_1343_6_7 |     0.008 |
|   key_reg_reg_r6_128_191_0_2   |     0.021 |
|   key_reg_reg_r6_128_191_3_5   |     0.027 |
|   key_reg_reg_r6_128_191_6_7   |     0.007 |
|   key_reg_reg_r6_1344_1407_0_2 |     0.021 |
|   key_reg_reg_r6_1344_1407_3_5 |     0.022 |
|   key_reg_reg_r6_1344_1407_6_7 |     0.008 |
|   key_reg_reg_r6_1408_1471_0_2 |     0.024 |
|   key_reg_reg_r6_1408_1471_3_5 |     0.022 |
|   key_reg_reg_r6_1408_1471_6_7 |     0.008 |
|   key_reg_reg_r6_1472_1535_0_2 |     0.023 |
|   key_reg_reg_r6_1472_1535_3_5 |     0.022 |
|   key_reg_reg_r6_1472_1535_6_7 |     0.009 |
|   key_reg_reg_r6_1536_1599_0_2 |     0.024 |
|   key_reg_reg_r6_1536_1599_3_5 |     0.021 |
|   key_reg_reg_r6_1536_1599_6_7 |     0.008 |
|   key_reg_reg_r6_1600_1663_0_2 |     0.027 |
|   key_reg_reg_r6_1600_1663_3_5 |     0.027 |
|   key_reg_reg_r6_1600_1663_6_7 |     0.008 |
|   key_reg_reg_r6_1664_1727_0_2 |     0.025 |
|   key_reg_reg_r6_1664_1727_3_5 |     0.027 |
|   key_reg_reg_r6_1664_1727_6_7 |     0.008 |
|   key_reg_reg_r6_1728_1791_0_2 |     0.023 |
|   key_reg_reg_r6_1728_1791_3_5 |     0.029 |
|   key_reg_reg_r6_1728_1791_6_7 |     0.006 |
|   key_reg_reg_r6_1792_1855_0_2 |     0.027 |
|   key_reg_reg_r6_1792_1855_3_5 |     0.031 |
|   key_reg_reg_r6_1792_1855_6_7 |     0.010 |
|   key_reg_reg_r6_1856_1919_0_2 |     0.024 |
|   key_reg_reg_r6_1856_1919_3_5 |     0.028 |
|   key_reg_reg_r6_1856_1919_6_7 |     0.007 |
|   key_reg_reg_r6_1920_1983_0_2 |     0.022 |
|   key_reg_reg_r6_1920_1983_3_5 |     0.033 |
|   key_reg_reg_r6_1920_1983_6_7 |     0.008 |
|   key_reg_reg_r6_192_255_0_2   |     0.023 |
|   key_reg_reg_r6_192_255_3_5   |     0.022 |
|   key_reg_reg_r6_192_255_6_7   |     0.007 |
|   key_reg_reg_r6_1984_2047_0_2 |     0.027 |
|   key_reg_reg_r6_1984_2047_3_5 |     0.032 |
|   key_reg_reg_r6_1984_2047_6_7 |     0.007 |
|   key_reg_reg_r6_2048_2111_0_2 |     0.021 |
|   key_reg_reg_r6_2048_2111_3_5 |     0.022 |
|   key_reg_reg_r6_2048_2111_6_7 |     0.006 |
|   key_reg_reg_r6_2112_2175_0_2 |     0.019 |
|   key_reg_reg_r6_2112_2175_3_5 |     0.021 |
|   key_reg_reg_r6_2112_2175_6_7 |     0.010 |
|   key_reg_reg_r6_256_319_0_2   |     0.023 |
|   key_reg_reg_r6_256_319_3_5   |     0.025 |
|   key_reg_reg_r6_256_319_6_7   |     0.011 |
|   key_reg_reg_r6_320_383_0_2   |     0.025 |
|   key_reg_reg_r6_320_383_3_5   |     0.027 |
|   key_reg_reg_r6_320_383_6_7   |     0.010 |
|   key_reg_reg_r6_384_447_0_2   |     0.024 |
|   key_reg_reg_r6_384_447_3_5   |     0.027 |
|   key_reg_reg_r6_384_447_6_7   |     0.009 |
|   key_reg_reg_r6_448_511_0_2   |     0.021 |
|   key_reg_reg_r6_448_511_3_5   |     0.025 |
|   key_reg_reg_r6_448_511_6_7   |     0.006 |
|   key_reg_reg_r6_512_575_0_2   |     0.020 |
|   key_reg_reg_r6_512_575_3_5   |     0.026 |
|   key_reg_reg_r6_512_575_6_7   |     0.008 |
|   key_reg_reg_r6_576_639_0_2   |     0.022 |
|   key_reg_reg_r6_576_639_3_5   |     0.027 |
|   key_reg_reg_r6_576_639_6_7   |     0.008 |
|   key_reg_reg_r6_640_703_0_2   |     0.021 |
|   key_reg_reg_r6_640_703_3_5   |     0.020 |
|   key_reg_reg_r6_640_703_6_7   |     0.010 |
|   key_reg_reg_r6_64_127_0_2    |     0.025 |
|   key_reg_reg_r6_64_127_3_5    |     0.026 |
|   key_reg_reg_r6_64_127_6_7    |     0.008 |
|   key_reg_reg_r6_704_767_0_2   |     0.024 |
|   key_reg_reg_r6_704_767_3_5   |     0.028 |
|   key_reg_reg_r6_704_767_6_7   |     0.008 |
|   key_reg_reg_r6_768_831_0_2   |     0.023 |
|   key_reg_reg_r6_768_831_3_5   |     0.018 |
|   key_reg_reg_r6_768_831_6_7   |     0.006 |
|   key_reg_reg_r6_832_895_0_2   |     0.022 |
|   key_reg_reg_r6_832_895_3_5   |     0.023 |
|   key_reg_reg_r6_832_895_6_7   |     0.008 |
|   key_reg_reg_r6_896_959_0_2   |     0.025 |
|   key_reg_reg_r6_896_959_3_5   |     0.023 |
|   key_reg_reg_r6_896_959_6_7   |     0.011 |
|   key_reg_reg_r6_960_1023_0_2  |     0.027 |
|   key_reg_reg_r6_960_1023_3_5  |     0.025 |
|   key_reg_reg_r6_960_1023_6_7  |     0.008 |
|   key_reg_reg_r7_0_63_0_2      |     0.026 |
|   key_reg_reg_r7_0_63_3_5      |     0.026 |
|   key_reg_reg_r7_0_63_6_7      |     0.007 |
|   key_reg_reg_r7_1024_1087_0_2 |     0.029 |
|   key_reg_reg_r7_1024_1087_3_5 |     0.027 |
|   key_reg_reg_r7_1024_1087_6_7 |     0.011 |
|   key_reg_reg_r7_1088_1151_0_2 |     0.027 |
|   key_reg_reg_r7_1088_1151_3_5 |     0.026 |
|   key_reg_reg_r7_1088_1151_6_7 |     0.009 |
|   key_reg_reg_r7_1152_1215_0_2 |     0.029 |
|   key_reg_reg_r7_1152_1215_3_5 |     0.027 |
|   key_reg_reg_r7_1152_1215_6_7 |     0.008 |
|   key_reg_reg_r7_1216_1279_0_2 |     0.027 |
|   key_reg_reg_r7_1216_1279_3_5 |     0.030 |
|   key_reg_reg_r7_1216_1279_6_7 |     0.008 |
|   key_reg_reg_r7_1280_1343_0_2 |     0.023 |
|   key_reg_reg_r7_1280_1343_3_5 |     0.024 |
|   key_reg_reg_r7_1280_1343_6_7 |     0.007 |
|   key_reg_reg_r7_128_191_0_2   |     0.022 |
|   key_reg_reg_r7_128_191_3_5   |     0.029 |
|   key_reg_reg_r7_128_191_6_7   |     0.006 |
|   key_reg_reg_r7_1344_1407_0_2 |     0.026 |
|   key_reg_reg_r7_1344_1407_3_5 |     0.024 |
|   key_reg_reg_r7_1344_1407_6_7 |     0.008 |
|   key_reg_reg_r7_1408_1471_0_2 |     0.022 |
|   key_reg_reg_r7_1408_1471_3_5 |     0.026 |
|   key_reg_reg_r7_1408_1471_6_7 |     0.010 |
|   key_reg_reg_r7_1472_1535_0_2 |     0.022 |
|   key_reg_reg_r7_1472_1535_3_5 |     0.030 |
|   key_reg_reg_r7_1472_1535_6_7 |     0.008 |
|   key_reg_reg_r7_1536_1599_0_2 |     0.024 |
|   key_reg_reg_r7_1536_1599_3_5 |     0.022 |
|   key_reg_reg_r7_1536_1599_6_7 |     0.011 |
|   key_reg_reg_r7_1600_1663_0_2 |     0.022 |
|   key_reg_reg_r7_1600_1663_3_5 |     0.024 |
|   key_reg_reg_r7_1600_1663_6_7 |     0.009 |
|   key_reg_reg_r7_1664_1727_0_2 |     0.021 |
|   key_reg_reg_r7_1664_1727_3_5 |     0.022 |
|   key_reg_reg_r7_1664_1727_6_7 |     0.007 |
|   key_reg_reg_r7_1728_1791_0_2 |     0.022 |
|   key_reg_reg_r7_1728_1791_3_5 |     0.027 |
|   key_reg_reg_r7_1728_1791_6_7 |     0.009 |
|   key_reg_reg_r7_1792_1855_0_2 |     0.023 |
|   key_reg_reg_r7_1792_1855_3_5 |     0.023 |
|   key_reg_reg_r7_1792_1855_6_7 |     0.010 |
|   key_reg_reg_r7_1856_1919_0_2 |     0.024 |
|   key_reg_reg_r7_1856_1919_3_5 |     0.026 |
|   key_reg_reg_r7_1856_1919_6_7 |     0.010 |
|   key_reg_reg_r7_1920_1983_0_2 |     0.024 |
|   key_reg_reg_r7_1920_1983_3_5 |     0.027 |
|   key_reg_reg_r7_1920_1983_6_7 |     0.007 |
|   key_reg_reg_r7_192_255_0_2   |     0.025 |
|   key_reg_reg_r7_192_255_3_5   |     0.023 |
|   key_reg_reg_r7_192_255_6_7   |     0.009 |
|   key_reg_reg_r7_1984_2047_0_2 |     0.025 |
|   key_reg_reg_r7_1984_2047_3_5 |     0.026 |
|   key_reg_reg_r7_1984_2047_6_7 |     0.009 |
|   key_reg_reg_r7_2048_2111_0_2 |     0.023 |
|   key_reg_reg_r7_2048_2111_3_5 |     0.020 |
|   key_reg_reg_r7_2048_2111_6_7 |     0.009 |
|   key_reg_reg_r7_2112_2175_0_2 |     0.018 |
|   key_reg_reg_r7_2112_2175_3_5 |     0.022 |
|   key_reg_reg_r7_2112_2175_6_7 |     0.006 |
|   key_reg_reg_r7_256_319_0_2   |     0.025 |
|   key_reg_reg_r7_256_319_3_5   |     0.022 |
|   key_reg_reg_r7_256_319_6_7   |     0.008 |
|   key_reg_reg_r7_320_383_0_2   |     0.022 |
|   key_reg_reg_r7_320_383_3_5   |     0.019 |
|   key_reg_reg_r7_320_383_6_7   |     0.010 |
|   key_reg_reg_r7_384_447_0_2   |     0.028 |
|   key_reg_reg_r7_384_447_3_5   |     0.026 |
|   key_reg_reg_r7_384_447_6_7   |     0.009 |
|   key_reg_reg_r7_448_511_0_2   |     0.025 |
|   key_reg_reg_r7_448_511_3_5   |     0.025 |
|   key_reg_reg_r7_448_511_6_7   |     0.013 |
|   key_reg_reg_r7_512_575_0_2   |     0.028 |
|   key_reg_reg_r7_512_575_3_5   |     0.020 |
|   key_reg_reg_r7_512_575_6_7   |     0.007 |
|   key_reg_reg_r7_576_639_0_2   |     0.024 |
|   key_reg_reg_r7_576_639_3_5   |     0.018 |
|   key_reg_reg_r7_576_639_6_7   |     0.007 |
|   key_reg_reg_r7_640_703_0_2   |     0.028 |
|   key_reg_reg_r7_640_703_3_5   |     0.021 |
|   key_reg_reg_r7_640_703_6_7   |     0.007 |
|   key_reg_reg_r7_64_127_0_2    |     0.026 |
|   key_reg_reg_r7_64_127_3_5    |     0.026 |
|   key_reg_reg_r7_64_127_6_7    |     0.009 |
|   key_reg_reg_r7_704_767_0_2   |     0.023 |
|   key_reg_reg_r7_704_767_3_5   |     0.027 |
|   key_reg_reg_r7_704_767_6_7   |     0.015 |
|   key_reg_reg_r7_768_831_0_2   |     0.024 |
|   key_reg_reg_r7_768_831_3_5   |     0.024 |
|   key_reg_reg_r7_768_831_6_7   |     0.009 |
|   key_reg_reg_r7_832_895_0_2   |     0.023 |
|   key_reg_reg_r7_832_895_3_5   |     0.023 |
|   key_reg_reg_r7_832_895_6_7   |     0.010 |
|   key_reg_reg_r7_896_959_0_2   |     0.025 |
|   key_reg_reg_r7_896_959_3_5   |     0.022 |
|   key_reg_reg_r7_896_959_6_7   |     0.009 |
|   key_reg_reg_r7_960_1023_0_2  |     0.022 |
|   key_reg_reg_r7_960_1023_3_5  |     0.024 |
|   key_reg_reg_r7_960_1023_6_7  |     0.007 |
|   key_reg_reg_r8_0_63_0_2      |     0.028 |
|   key_reg_reg_r8_0_63_3_5      |     0.025 |
|   key_reg_reg_r8_0_63_6_7      |     0.008 |
|   key_reg_reg_r8_1024_1087_0_2 |     0.021 |
|   key_reg_reg_r8_1024_1087_3_5 |     0.021 |
|   key_reg_reg_r8_1024_1087_6_7 |     0.008 |
|   key_reg_reg_r8_1088_1151_0_2 |     0.024 |
|   key_reg_reg_r8_1088_1151_3_5 |     0.024 |
|   key_reg_reg_r8_1088_1151_6_7 |     0.010 |
|   key_reg_reg_r8_1152_1215_0_2 |     0.022 |
|   key_reg_reg_r8_1152_1215_3_5 |     0.019 |
|   key_reg_reg_r8_1152_1215_6_7 |     0.008 |
|   key_reg_reg_r8_1216_1279_0_2 |     0.022 |
|   key_reg_reg_r8_1216_1279_3_5 |     0.023 |
|   key_reg_reg_r8_1216_1279_6_7 |     0.008 |
|   key_reg_reg_r8_1280_1343_0_2 |     0.022 |
|   key_reg_reg_r8_1280_1343_3_5 |     0.023 |
|   key_reg_reg_r8_1280_1343_6_7 |     0.007 |
|   key_reg_reg_r8_128_191_0_2   |     0.025 |
|   key_reg_reg_r8_128_191_3_5   |     0.020 |
|   key_reg_reg_r8_128_191_6_7   |     0.010 |
|   key_reg_reg_r8_1344_1407_0_2 |     0.022 |
|   key_reg_reg_r8_1344_1407_3_5 |     0.020 |
|   key_reg_reg_r8_1344_1407_6_7 |     0.009 |
|   key_reg_reg_r8_1408_1471_0_2 |     0.022 |
|   key_reg_reg_r8_1408_1471_3_5 |     0.025 |
|   key_reg_reg_r8_1408_1471_6_7 |     0.010 |
|   key_reg_reg_r8_1472_1535_0_2 |     0.025 |
|   key_reg_reg_r8_1472_1535_3_5 |     0.022 |
|   key_reg_reg_r8_1472_1535_6_7 |     0.010 |
|   key_reg_reg_r8_1536_1599_0_2 |     0.022 |
|   key_reg_reg_r8_1536_1599_3_5 |     0.023 |
|   key_reg_reg_r8_1536_1599_6_7 |     0.007 |
|   key_reg_reg_r8_1600_1663_0_2 |     0.020 |
|   key_reg_reg_r8_1600_1663_3_5 |     0.020 |
|   key_reg_reg_r8_1600_1663_6_7 |     0.008 |
|   key_reg_reg_r8_1664_1727_0_2 |     0.021 |
|   key_reg_reg_r8_1664_1727_3_5 |     0.024 |
|   key_reg_reg_r8_1664_1727_6_7 |     0.009 |
|   key_reg_reg_r8_1728_1791_0_2 |     0.024 |
|   key_reg_reg_r8_1728_1791_3_5 |     0.021 |
|   key_reg_reg_r8_1728_1791_6_7 |     0.011 |
|   key_reg_reg_r8_1792_1855_0_2 |     0.024 |
|   key_reg_reg_r8_1792_1855_3_5 |     0.024 |
|   key_reg_reg_r8_1792_1855_6_7 |     0.010 |
|   key_reg_reg_r8_1856_1919_0_2 |     0.025 |
|   key_reg_reg_r8_1856_1919_3_5 |     0.022 |
|   key_reg_reg_r8_1856_1919_6_7 |     0.009 |
|   key_reg_reg_r8_1920_1983_0_2 |     0.024 |
|   key_reg_reg_r8_1920_1983_3_5 |     0.026 |
|   key_reg_reg_r8_1920_1983_6_7 |     0.010 |
|   key_reg_reg_r8_192_255_0_2   |     0.021 |
|   key_reg_reg_r8_192_255_3_5   |     0.022 |
|   key_reg_reg_r8_192_255_6_7   |     0.009 |
|   key_reg_reg_r8_1984_2047_0_2 |     0.026 |
|   key_reg_reg_r8_1984_2047_3_5 |     0.020 |
|   key_reg_reg_r8_1984_2047_6_7 |     0.011 |
|   key_reg_reg_r8_2048_2111_0_2 |     0.020 |
|   key_reg_reg_r8_2048_2111_3_5 |     0.017 |
|   key_reg_reg_r8_2048_2111_6_7 |     0.010 |
|   key_reg_reg_r8_2112_2175_0_2 |     0.023 |
|   key_reg_reg_r8_2112_2175_3_5 |     0.020 |
|   key_reg_reg_r8_2112_2175_6_7 |     0.006 |
|   key_reg_reg_r8_256_319_0_2   |     0.025 |
|   key_reg_reg_r8_256_319_3_5   |     0.019 |
|   key_reg_reg_r8_256_319_6_7   |     0.007 |
|   key_reg_reg_r8_320_383_0_2   |     0.027 |
|   key_reg_reg_r8_320_383_3_5   |     0.024 |
|   key_reg_reg_r8_320_383_6_7   |     0.009 |
|   key_reg_reg_r8_384_447_0_2   |     0.025 |
|   key_reg_reg_r8_384_447_3_5   |     0.024 |
|   key_reg_reg_r8_384_447_6_7   |     0.008 |
|   key_reg_reg_r8_448_511_0_2   |     0.022 |
|   key_reg_reg_r8_448_511_3_5   |     0.020 |
|   key_reg_reg_r8_448_511_6_7   |     0.010 |
|   key_reg_reg_r8_512_575_0_2   |     0.020 |
|   key_reg_reg_r8_512_575_3_5   |     0.026 |
|   key_reg_reg_r8_512_575_6_7   |     0.007 |
|   key_reg_reg_r8_576_639_0_2   |     0.027 |
|   key_reg_reg_r8_576_639_3_5   |     0.022 |
|   key_reg_reg_r8_576_639_6_7   |     0.009 |
|   key_reg_reg_r8_640_703_0_2   |     0.024 |
|   key_reg_reg_r8_640_703_3_5   |     0.022 |
|   key_reg_reg_r8_640_703_6_7   |     0.008 |
|   key_reg_reg_r8_64_127_0_2    |     0.021 |
|   key_reg_reg_r8_64_127_3_5    |     0.021 |
|   key_reg_reg_r8_64_127_6_7    |     0.009 |
|   key_reg_reg_r8_704_767_0_2   |     0.026 |
|   key_reg_reg_r8_704_767_3_5   |     0.023 |
|   key_reg_reg_r8_704_767_6_7   |     0.011 |
|   key_reg_reg_r8_768_831_0_2   |     0.021 |
|   key_reg_reg_r8_768_831_3_5   |     0.025 |
|   key_reg_reg_r8_768_831_6_7   |     0.009 |
|   key_reg_reg_r8_832_895_0_2   |     0.022 |
|   key_reg_reg_r8_832_895_3_5   |     0.023 |
|   key_reg_reg_r8_832_895_6_7   |     0.008 |
|   key_reg_reg_r8_896_959_0_2   |     0.023 |
|   key_reg_reg_r8_896_959_3_5   |     0.024 |
|   key_reg_reg_r8_896_959_6_7   |     0.009 |
|   key_reg_reg_r8_960_1023_0_2  |     0.021 |
|   key_reg_reg_r8_960_1023_3_5  |     0.025 |
|   key_reg_reg_r8_960_1023_6_7  |     0.006 |
|   my_2hz                       |     0.225 |
|   my_5khz                      |     0.049 |
|   my_seg1                      |     0.174 |
|     seg                        |     0.058 |
|   my_seg2                      |     0.268 |
|     seg                        |     0.128 |
|   my_vgaclk                    |     0.040 |
|   my_vgactrl                   |     5.208 |
|   mykey                        |     0.159 |
|     fifo_reg_0_7_0_5           |     0.001 |
+--------------------------------+-----------+


