#-----------------------------------------------------------
# Vivado v2022.1 (64-bit)
# SW Build 3526262 on Mon Apr 18 15:48:16 MDT 2022
# IP Build 3524634 on Mon Apr 18 20:55:01 MDT 2022
# Start of session at: Wed May 24 19:12:08 2023
# Process ID: 25620
# Current directory: H:/DigitalLab/lab09
# Command line: vivado.exe -gui_launcher_event rodinguilauncherevent14496 H:\DigitalLab\lab09\lab09.xpr
# Log file: H:/DigitalLab/lab09/vivado.log
# Journal file: H:/DigitalLab/lab09\vivado.jou
# Running On: LAPTOP-F8OKT164, OS: Windows, CPU Frequency: 3194 MHz, CPU Physical cores: 16, Host memory: 29909 MB
#-----------------------------------------------------------
start_gui
open_project H:/DigitalLab/lab09/lab09.xpr
open_hw_manager
update_compile_order -fileset sources_1
connect_hw_server -allow_non_jtag
open_hw_target
set_property PROGRAM.FILE {H:/DigitalLab/lab09/lab09.runs/impl_1/lab09_ctrl.bit} [get_hw_devices xc7a100t_0]
current_hw_device [get_hw_devices xc7a100t_0]
refresh_hw_device -update_hw_probes false [lindex [get_hw_devices xc7a100t_0] 0]
